// 重构日志: b2d9dca1
// 重构日志: 4c084eb1
// 同步 ID: 29a315c6 @ Mon Jul 27 00:22:57 UTC 2026
// 重构日志: e44643a3
// 同步 ID: 65c916f6 @ Mon Jul 27 17:23:15 UTC 2026
// 重构日志: 56a3cdff
// 重构日志: 0e6a2201
// 重构日志: be8982e4
// 重构日志: 23f951ca
// 同步 ID: 041eefcd @ Thu Jul 30 07:02:09 UTC 2026
// 重构日志: f1e462db
// 重构日志: 843e32fc
// 重构日志: 595d9f11
// 同步 ID: b7288508 @ Sat Aug  1 04:10:27 UTC 2026
// 同步 ID: 40b34c3f @ Sat Aug  1 09:58:02 UTC 2026
// 重构日志: f2134d7d
// 同步 ID: 6b848cb5 @ Sat Aug  1 15:58:54 UTC 2026
// 重构日志: cdfbddef
// 重构日志: 182da912
// 同步 ID: 6d4a3f91 @ Sun Aug  2 06:53:43 UTC 2026
// 同步 ID: 3b89126b @ Sun Aug  2 12:22:41 UTC 2026
// 重构日志: 96610615
// 重构日志: 5f32330f
// 重构日志: 0bde5270
// 同步 ID: 72db5d8a @ Wed Aug  5 07:07:28 UTC 2026
// 同步 ID: e7344a4a @ Wed Aug  5 12:23:01 UTC 2026
// 重构日志: bef44310
// 重构日志: 34983358
// 同步 ID: e57da562 @ Thu Aug  6 04:24:33 UTC 2026
// 同步 ID: efd75620 @ Thu Aug  6 12:46:30 UTC 2026
// 重构日志: 07633605
